2026-05-01 18:33:35,471 - INFO - Fetched email from raukey08@gmail.com with subject 'Looking for internship'
2026-05-01 18:38:47,400 - INFO - Fetched email from raukey08@gmail.com with subject 'Looking for internship'
2026-05-01 18:38:48,107 - INFO - Parsed intent: job_request
2026-05-01 18:38:48,114 - INFO - Selected template for intent: job_request
2026-05-01 18:38:48,115 - INFO - Processing email from raukey08@gmail.com
2026-05-01 18:38:48,115 - INFO - Reply sent for intent: job_request
2026-05-01 18:38:52,000 - INFO - Email sent to raukey08@gmail.com
2026-05-01 19:30:04,094 | INFO | Fetched email from raukey08@gmail.com with subject 'Greetings from RP'
2026-05-01 19:30:04,447 | WARNING | NO keyword detected, defaulting to general intent
2026-05-01 19:30:04,448 | INFO | Parsed intent: general
2026-05-01 19:30:04,449 | INFO | Selected template for intent: general
2026-05-01 19:30:04,450 | INFO | Processing email from raukey08@gmail.com
2026-05-01 19:30:04,450 | INFO | Reply sent for intent: general
2026-05-01 19:30:04,477 | ERROR | Attempt 1 failed for raukey08@gmail.com: [Errno -2] Name or service not known
2026-05-01 19:30:04,477 | INFO | Retrying in 2 seconds...
2026-05-01 19:30:06,499 | ERROR | Attempt 2 failed for raukey08@gmail.com: [Errno -2] Name or service not known
2026-05-01 19:30:06,499 | INFO | Retrying in 2 seconds...
2026-05-01 19:30:06,845 | ERROR | Attempt 3 failed for raukey08@gmail.com: [Errno -2] Name or service not known
2026-05-01 19:30:06,845 | ERROR | All retry attempts failed for raukey08@gmail.com
2026-05-01 19:30:06,845 | ERROR | Failed to process email for raukey08@gmail.com
2026-05-02 01:17:28 | INFO | Fetched email from raukey08@gmail.com with subject 'Greetings from RP'
2026-05-02 01:17:28 | WARNING | NO keyword detected, defaulting to general intent
2026-05-02 01:17:28 | INFO | Parsed intent: general
2026-05-02 01:17:28 | INFO | Selected template for intent: general
2026-05-02 01:17:28 | INFO | Processing email from raukey08@gmail.com
2026-05-02 01:17:28 | INFO | Reply sent for intent: general
2026-05-02 01:17:28 | ERROR | Attempt 1 failed for raukey08@gmail.com: [Errno -2] Name or service not known
2026-05-02 01:17:28 | INFO | Retrying in 2 seconds...
2026-05-02 01:17:30 | ERROR | Attempt 2 failed for raukey08@gmail.com: [Errno -2] Name or service not known
2026-05-02 01:17:30 | INFO | Retrying in 2 seconds...
2026-05-02 01:17:32 | ERROR | Attempt 3 failed for raukey08@gmail.com: [Errno -2] Name or service not known
2026-05-02 01:17:32 | ERROR | All retry attempts failed for raukey08@gmail.com
2026-05-02 01:17:32 | ERROR | Failed to process email for raukey08@gmail.com
2026-05-02 01:46:49 | INFO | Fetched email from raukey08@gmail.com with subject 'Looking for internship'
2026-05-02 01:57:48 | INFO | Fetched email from raukey08@gmail.com with subject 'Looking for internship'
2026-05-02 01:57:49 | INFO | Parsed intent: job_request
2026-05-02 01:57:49 | INFO | Selected template for intent: job_request
2026-05-02 01:57:49 | ERROR | Attempt 1 failed for raukey08@gmail.com: [Errno -2] Name or service not known
2026-05-02 01:57:49 | INFO | Retrying in 2 seconds...
2026-05-02 01:57:51 | ERROR | Attempt 2 failed for raukey08@gmail.com: [Errno -2] Name or service not known
2026-05-02 01:57:51 | INFO | Retrying in 2 seconds...
2026-05-02 01:57:53 | ERROR | Attempt 3 failed for raukey08@gmail.com: [Errno -2] Name or service not known
2026-05-02 01:57:53 | ERROR | All retry attempts failed for raukey08@gmail.com
2026-05-02 02:06:25 | INFO | Fetched email from raukey08@gmail.com with subject 'Letter for leave'
2026-05-02 02:06:26 | WARNING | NO keyword detected, defaulting to general intent
2026-05-02 02:06:26 | INFO | Parsed intent: general
2026-05-02 02:06:26 | INFO | Selected template for intent: general
2026-05-02 02:06:30 | INFO | Email sent to raukey08@gmail.com on attempt 12026-05-03 00:21:06 | INFO | Fetched email from raukey08@gmail.com with subject 'Looking for internship'
2026-05-03 00:21:07 | INFO | Parsed intent: job_request
2026-05-03 00:21:07 | INFO | Selected template for intent: job_request
2026-05-03 00:21:11 | INFO | Email sent to raukey08@gmail.com on attempt 1
2026-05-03 00:24:51 | INFO | Fetched email from raukey08@gmail.com with subject 'For leave'
2026-05-03 00:24:51 | WARNING | NO keyword detected, defaulting to general intent
2026-05-03 00:24:51 | INFO | Parsed intent: general
2026-05-03 00:24:51 | INFO | Selected template for intent: general
2026-05-03 00:24:54 | INFO | Email sent to raukey08@gmail.com on attempt 1
2026-05-03 00:30:27 | INFO | Fetched email from raukey08@gmail.com with subject 'Looking for college application'
2026-05-03 00:30:28 | WARNING | NO keyword detected, defaulting to general intent
2026-05-03 00:30:28 | INFO | Parsed intent: general
2026-05-03 00:30:28 | INFO | Selected template for intent: general
2026-05-03 00:30:28 | ERROR | Attempt 1 failed for raukey08@gmail.com: [Errno -2] Name or service not known
2026-05-03 00:30:28 | INFO | Retrying in 2 seconds...
2026-05-03 00:30:31 | ERROR | Attempt 2 failed for raukey08@gmail.com: [Errno 111] Connection refused
2026-05-03 00:30:31 | INFO | Retrying in 2 seconds...
2026-05-03 00:30:33 | ERROR | Attempt 3 failed for raukey08@gmail.com: [Errno 111] Connection refused
2026-05-03 00:30:33 | ERROR | All retry attempts failed for raukey08@gmail.com
2026-05-03 00:51:59 | INFO | NO unread emails found
2026-05-06 11:55:19,934 | INFO | API triggered email processing
2026-05-06 11:55:22,098 | INFO | Fetched email from raukey08@gmail.com with subject 'Looking for internship'
2026-05-06 11:55:23,445 | INFO | Parsed intent: job_request
2026-05-06 11:55:23,487 | INFO | Selected template for intent: job_request
2026-05-06 11:55:29,086 | INFO | Email sent to raukey08@gmail.com
2026-05-06 11:59:29,566 | INFO | API triggered email processing
2026-05-06 11:59:33,831 | INFO | Fetched email from raukey08@gmail.com with subject 'I have an issue in my system'
2026-05-06 11:59:34,454 | INFO | Parsed intent: support_issue
2026-05-06 11:59:34,454 | INFO | Selected template for intent: support_issue
2026-05-06 11:59:40,258 | INFO | Email sent to raukey08@gmail.com
2026-05-06 12:11:47,859 | INFO | API triggered email processing
2026-05-06 12:11:51,650 | INFO | Fetched email from raukey08@gmail.com with subject 'Looking for internship'
2026-05-06 12:11:52,083 | INFO | Parsed intent: job_request
2026-05-06 12:11:52,083 | INFO | Using template file: internship_reply.txt
2026-05-06 12:11:52,083 | INFO | Selected template for intent: job_request
2026-05-06 12:11:57,995 | INFO | Email sent to raukey08@gmail.com
2026-05-06 12:13:45,027 | INFO | API triggered email processing
2026-05-06 12:13:47,917 | INFO | Fetched email from raukey08@gmail.com with subject 'I got an issue in my system'
2026-05-06 12:13:48,321 | INFO | Parsed intent: support_issue
2026-05-06 12:13:48,321 | INFO | Using template file: support_reply.txt
2026-05-06 12:13:48,322 | INFO | Selected template for intent: support_issue
2026-05-06 12:13:52,930 | INFO | Email sent to raukey08@gmail.com
